// Jest Snapshot v1, https://goo.gl/fbAQLP

exports[`The main app flow The flow works 1`] = `
<div>
  <div
    class="sc-1qr1lby-0 jBmPKi"
    width="100%"
  >
    <img
      class="Logo__Img-sc-1rvhhdn-0 jNLuxm"
      role="Logo"
      src="android-chrome-192x192.png"
    />
    <input
      class="DebouncedInput__Input-sc-13ol9vv-0 hktPfd SearchUsersInput___StyledDebouncedInput-sc-1wtt78f-0 jlbPhN"
      placeholder="Enter username"
      value="john"
    />
    <div
      class="InfoMessage-sc-4uxl10-0 kEJJce"
    >
      Showing users for "john"
    </div>
    <div
      class="sc-1qr1lby-0 kHgghI"
    >
      <div
        class="sc-1qr1lby-0 bBOvBH"
      >
        <div
          class="sc-1qr1lby-0 gYdXUP"
          radius="3"
        >
          <span
            class="truncated"
          >
            john
          </span>
          <span
            class="Chevron-sc-1w1czyc-0 fuWAsm"
          />
        </div>
        <div
          class="sc-1qr1lby-0 ReposList___StyledDiv-sc-1ucb7ap-0 kvLbTO imZKwy"
        >
          <div
            class="sc-1qr1lby-0 ReposListItem___StyledDiv-l2gazs-0 iOZwrW hBcvBQ"
            radius="3"
          >
            <div
              class="sc-1qr1lby-0 gDRfdV"
              font-weight="bold"
            >
              <a
                class="ReposListItem___StyledA-l2gazs-1 dlzyYY truncated"
                href="https://github.com/john/johns-repo"
                rel="noreferrer"
                target="_blank"
              >
                John's repo
              </a>
              <div
                class="sc-1qr1lby-0 cppYBD"
              >
                <span>
                  2
                </span>
                 
                <span
                  class="Emoji-sc-1mu2kvi-0 kHwBut"
                >
                  ⭐️
                </span>
              </div>
            </div>
            <span
              class="ReposListItem___StyledSpan-l2gazs-2 fMShgE"
            >
              John's first project
            </span>
          </div>
        </div>
      </div>
      <div
        class="sc-1qr1lby-0 bBOvBH"
      >
        <div
          class="sc-1qr1lby-0 gYdXUP"
          radius="3"
        >
          <span
            class="truncated"
          >
            johnny
          </span>
          <span
            class="Chevron-sc-1w1czyc-0 eiiklV"
          />
        </div>
      </div>
      <div
        class="sc-1qr1lby-0 bBOvBH"
      >
        <div
          class="sc-1qr1lby-0 gYdXUP"
          radius="3"
        >
          <span
            class="truncated"
          >
            jonnie
          </span>
          <span
            class="Chevron-sc-1w1czyc-0 eiiklV"
          />
        </div>
      </div>
    </div>
    <button
      class="SearchMoreButton__Button-ec5qj5-0 SearchMoreButton___StyledButton-ec5qj5-1 fbBUTl gUcckN"
    >
      Show more
    </button>
  </div>
</div>
`;
